// Vitest Snapshot v1, https://vitest.dev/guide/snapshot.html

exports[`chess game descriptor > askForParameters() + addPlayer() > enrolls each allowed players with a valid JSON schema 1`] = `
{
  "availableSeats": 1,
  "cameras": [
    {
      "alpha": 4.71238898038469,
      "beta": 0.39269908169872414,
      "elevation": 37,
      "hash": "0-0--2-4.71238898038469-0.39269908169872414-37",
      "index": 0,
      "playerId": "player-1",
      "target": [
        0,
        0,
        -2,
      ],
    },
  ],
  "created": 1691859511667,
  "guestIds": [],
  "hands": [],
  "id": "game-unique-id",
  "kind": "chess",
  "locales": {
    "en": {
      "title": "Chess",
    },
    "fr": {
      "title": "Echecs",
    },
  },
  "meshes": [
    {
      "anchorable": {
        "anchors": [
          {
            "depth": 3,
            "height": 0.01,
            "id": "tile-0-0",
            "snappedId": "white-rook-1",
            "width": 3,
            "x": -10.5,
            "y": 0.25,
            "z": -10.5,
          },
          {
            "depth": 3,
            "height": 0.01,
            "id": "tile-0-1",
            "snappedId": "white-pawn-0",
            "width": 3,
            "x": -10.5,
            "y": 0.25,
            "z": -7.5,
          },
          {
            "depth": 3,
            "height": 0.01,
            "id": "tile-0-2",
            "snappedId": null,
            "width": 3,
            "x": -10.5,
            "y": 0.25,
            "z": -4.5,
          },
          {
            "depth": 3,
            "height": 0.01,
            "id": "tile-0-3",
            "snappedId": null,
            "width": 3,
            "x": -10.5,
            "y": 0.25,
            "z": -1.5,
          },
          {
            "depth": 3,
            "height": 0.01,
            "id": "tile-0-4",
            "snappedId": null,
            "width": 3,
            "x": -10.5,
            "y": 0.25,
            "z": 1.5,
          },
          {
            "depth": 3,
            "height": 0.01,
            "id": "tile-0-5",
            "snappedId": null,
            "width": 3,
            "x": -10.5,
            "y": 0.25,
            "z": 4.5,
          },
          {
            "depth": 3,
            "height": 0.01,
            "id": "tile-0-6",
            "snappedId": "black-pawn-0",
            "width": 3,
            "x": -10.5,
            "y": 0.25,
            "z": 7.5,
          },
          {
            "depth": 3,
            "height": 0.01,
            "id": "tile-0-7",
            "snappedId": "black-rook-1",
            "width": 3,
            "x": -10.5,
            "y": 0.25,
            "z": 10.5,
          },
          {
            "depth": 3,
            "height": 0.01,
            "id": "tile-1-0",
            "snappedId": "white-knight-1",
            "width": 3,
            "x": -7.5,
            "y": 0.25,
            "z": -10.5,
          },
          {
            "depth": 3,
            "height": 0.01,
            "id": "tile-1-1",
            "snappedId": "white-pawn-1",
            "width": 3,
            "x": -7.5,
            "y": 0.25,
            "z": -7.5,
          },
          {
            "depth": 3,
            "height": 0.01,
            "id": "tile-1-2",
            "snappedId": null,
            "width": 3,
            "x": -7.5,
            "y": 0.25,
            "z": -4.5,
          },
          {
            "depth": 3,
            "height": 0.01,
            "id": "tile-1-3",
            "snappedId": null,
            "width": 3,
            "x": -7.5,
            "y": 0.25,
            "z": -1.5,
          },
          {
            "depth": 3,
            "height": 0.01,
            "id": "tile-1-4",
            "snappedId": null,
            "width": 3,
            "x": -7.5,
            "y": 0.25,
            "z": 1.5,
          },
          {
            "depth": 3,
            "height": 0.01,
            "id": "tile-1-5",
            "snappedId": null,
            "width": 3,
            "x": -7.5,
            "y": 0.25,
            "z": 4.5,
          },
          {
            "depth": 3,
            "height": 0.01,
            "id": "tile-1-6",
            "snappedId": "black-pawn-1",
            "width": 3,
            "x": -7.5,
            "y": 0.25,
            "z": 7.5,
          },
          {
            "depth": 3,
            "height": 0.01,
            "id": "tile-1-7",
            "snappedId": "black-knight-1",
            "width": 3,
            "x": -7.5,
            "y": 0.25,
            "z": 10.5,
          },
          {
            "depth": 3,
            "height": 0.01,
            "id": "tile-2-0",
            "snappedId": "white-bishop-1",
            "width": 3,
            "x": -4.5,
            "y": 0.25,
            "z": -10.5,
          },
          {
            "depth": 3,
            "height": 0.01,
            "id": "tile-2-1",
            "snappedId": "white-pawn-2",
            "width": 3,
            "x": -4.5,
            "y": 0.25,
            "z": -7.5,
          },
          {
            "depth": 3,
            "height": 0.01,
            "id": "tile-2-2",
            "snappedId": null,
            "width": 3,
            "x": -4.5,
            "y": 0.25,
            "z": -4.5,
          },
          {
            "depth": 3,
            "height": 0.01,
            "id": "tile-2-3",
            "snappedId": null,
            "width": 3,
            "x": -4.5,
            "y": 0.25,
            "z": -1.5,
          },
          {
            "depth": 3,
            "height": 0.01,
            "id": "tile-2-4",
            "snappedId": null,
            "width": 3,
            "x": -4.5,
            "y": 0.25,
            "z": 1.5,
          },
          {
            "depth": 3,
            "height": 0.01,
            "id": "tile-2-5",
            "snappedId": null,
            "width": 3,
            "x": -4.5,
            "y": 0.25,
            "z": 4.5,
          },
          {
            "depth": 3,
            "height": 0.01,
            "id": "tile-2-6",
            "snappedId": "black-pawn-2",
            "width": 3,
            "x": -4.5,
            "y": 0.25,
            "z": 7.5,
          },
          {
            "depth": 3,
            "height": 0.01,
            "id": "tile-2-7",
            "snappedId": "black-bishop-1",
            "width": 3,
            "x": -4.5,
            "y": 0.25,
            "z": 10.5,
          },
          {
            "depth": 3,
            "height": 0.01,
            "id": "tile-3-0",
            "snappedId": "white-queen",
            "width": 3,
            "x": -1.5,
            "y": 0.25,
            "z": -10.5,
          },
          {
            "depth": 3,
            "height": 0.01,
            "id": "tile-3-1",
            "snappedId": "white-pawn-3",
            "width": 3,
            "x": -1.5,
            "y": 0.25,
            "z": -7.5,
          },
          {
            "depth": 3,
            "height": 0.01,
            "id": "tile-3-2",
            "snappedId": null,
            "width": 3,
            "x": -1.5,
            "y": 0.25,
            "z": -4.5,
          },
          {
            "depth": 3,
            "height": 0.01,
            "id": "tile-3-3",
            "snappedId": null,
            "width": 3,
            "x": -1.5,
            "y": 0.25,
            "z": -1.5,
          },
          {
            "depth": 3,
            "height": 0.01,
            "id": "tile-3-4",
            "snappedId": null,
            "width": 3,
            "x": -1.5,
            "y": 0.25,
            "z": 1.5,
          },
          {
            "depth": 3,
            "height": 0.01,
            "id": "tile-3-5",
            "snappedId": null,
            "width": 3,
            "x": -1.5,
            "y": 0.25,
            "z": 4.5,
          },
          {
            "depth": 3,
            "height": 0.01,
            "id": "tile-3-6",
            "snappedId": "black-pawn-3",
            "width": 3,
            "x": -1.5,
            "y": 0.25,
            "z": 7.5,
          },
          {
            "depth": 3,
            "height": 0.01,
            "id": "tile-3-7",
            "snappedId": "black-queen",
            "width": 3,
            "x": -1.5,
            "y": 0.25,
            "z": 10.5,
          },
          {
            "depth": 3,
            "height": 0.01,
            "id": "tile-4-0",
            "snappedId": "white-king",
            "width": 3,
            "x": 1.5,
            "y": 0.25,
            "z": -10.5,
          },
          {
            "depth": 3,
            "height": 0.01,
            "id": "tile-4-1",
            "snappedId": "white-pawn-4",
            "width": 3,
            "x": 1.5,
            "y": 0.25,
            "z": -7.5,
          },
          {
            "depth": 3,
            "height": 0.01,
            "id": "tile-4-2",
            "snappedId": null,
            "width": 3,
            "x": 1.5,
            "y": 0.25,
            "z": -4.5,
          },
          {
            "depth": 3,
            "height": 0.01,
            "id": "tile-4-3",
            "snappedId": null,
            "width": 3,
            "x": 1.5,
            "y": 0.25,
            "z": -1.5,
          },
          {
            "depth": 3,
            "height": 0.01,
            "id": "tile-4-4",
            "snappedId": null,
            "width": 3,
            "x": 1.5,
            "y": 0.25,
            "z": 1.5,
          },
          {
            "depth": 3,
            "height": 0.01,
            "id": "tile-4-5",
            "snappedId": null,
            "width": 3,
            "x": 1.5,
            "y": 0.25,
            "z": 4.5,
          },
          {
            "depth": 3,
            "height": 0.01,
            "id": "tile-4-6",
            "snappedId": "black-pawn-4",
            "width": 3,
            "x": 1.5,
            "y": 0.25,
            "z": 7.5,
          },
          {
            "depth": 3,
            "height": 0.01,
            "id": "tile-4-7",
            "snappedId": "black-king",
            "width": 3,
            "x": 1.5,
            "y": 0.25,
            "z": 10.5,
          },
          {
            "depth": 3,
            "height": 0.01,
            "id": "tile-5-0",
            "snappedId": "white-bishop-2",
            "width": 3,
            "x": 4.5,
            "y": 0.25,
            "z": -10.5,
          },
          {
            "depth": 3,
            "height": 0.01,
            "id": "tile-5-1",
            "snappedId": "white-pawn-5",
            "width": 3,
            "x": 4.5,
            "y": 0.25,
            "z": -7.5,
          },
          {
            "depth": 3,
            "height": 0.01,
            "id": "tile-5-2",
            "snappedId": null,
            "width": 3,
            "x": 4.5,
            "y": 0.25,
            "z": -4.5,
          },
          {
            "depth": 3,
            "height": 0.01,
            "id": "tile-5-3",
            "snappedId": null,
            "width": 3,
            "x": 4.5,
            "y": 0.25,
            "z": -1.5,
          },
          {
            "depth": 3,
            "height": 0.01,
            "id": "tile-5-4",
            "snappedId": null,
            "width": 3,
            "x": 4.5,
            "y": 0.25,
            "z": 1.5,
          },
          {
            "depth": 3,
            "height": 0.01,
            "id": "tile-5-5",
            "snappedId": null,
            "width": 3,
            "x": 4.5,
            "y": 0.25,
            "z": 4.5,
          },
          {
            "depth": 3,
            "height": 0.01,
            "id": "tile-5-6",
            "snappedId": "black-pawn-5",
            "width": 3,
            "x": 4.5,
            "y": 0.25,
            "z": 7.5,
          },
          {
            "depth": 3,
            "height": 0.01,
            "id": "tile-5-7",
            "snappedId": "black-bishop-2",
            "width": 3,
            "x": 4.5,
            "y": 0.25,
            "z": 10.5,
          },
          {
            "depth": 3,
            "height": 0.01,
            "id": "tile-6-0",
            "snappedId": "white-knight-2",
            "width": 3,
            "x": 7.5,
            "y": 0.25,
            "z": -10.5,
          },
          {
            "depth": 3,
            "height": 0.01,
            "id": "tile-6-1",
            "snappedId": "white-pawn-6",
            "width": 3,
            "x": 7.5,
            "y": 0.25,
            "z": -7.5,
          },
          {
            "depth": 3,
            "height": 0.01,
            "id": "tile-6-2",
            "snappedId": null,
            "width": 3,
            "x": 7.5,
            "y": 0.25,
            "z": -4.5,
          },
          {
            "depth": 3,
            "height": 0.01,
            "id": "tile-6-3",
            "snappedId": null,
            "width": 3,
            "x": 7.5,
            "y": 0.25,
            "z": -1.5,
          },
          {
            "depth": 3,
            "height": 0.01,
            "id": "tile-6-4",
            "snappedId": null,
            "width": 3,
            "x": 7.5,
            "y": 0.25,
            "z": 1.5,
          },
          {
            "depth": 3,
            "height": 0.01,
            "id": "tile-6-5",
            "snappedId": null,
            "width": 3,
            "x": 7.5,
            "y": 0.25,
            "z": 4.5,
          },
          {
            "depth": 3,
            "height": 0.01,
            "id": "tile-6-6",
            "snappedId": "black-pawn-6",
            "width": 3,
            "x": 7.5,
            "y": 0.25,
            "z": 7.5,
          },
          {
            "depth": 3,
            "height": 0.01,
            "id": "tile-6-7",
            "snappedId": "black-knight-2",
            "width": 3,
            "x": 7.5,
            "y": 0.25,
            "z": 10.5,
          },
          {
            "depth": 3,
            "height": 0.01,
            "id": "tile-7-0",
            "snappedId": "white-rook-2",
            "width": 3,
            "x": 10.5,
            "y": 0.25,
            "z": -10.5,
          },
          {
            "depth": 3,
            "height": 0.01,
            "id": "tile-7-1",
            "snappedId": "white-pawn-7",
            "width": 3,
            "x": 10.5,
            "y": 0.25,
            "z": -7.5,
          },
          {
            "depth": 3,
            "height": 0.01,
            "id": "tile-7-2",
            "snappedId": null,
            "width": 3,
            "x": 10.5,
            "y": 0.25,
            "z": -4.5,
          },
          {
            "depth": 3,
            "height": 0.01,
            "id": "tile-7-3",
            "snappedId": null,
            "width": 3,
            "x": 10.5,
            "y": 0.25,
            "z": -1.5,
          },
          {
            "depth": 3,
            "height": 0.01,
            "id": "tile-7-4",
            "snappedId": null,
            "width": 3,
            "x": 10.5,
            "y": 0.25,
            "z": 1.5,
          },
          {
            "depth": 3,
            "height": 0.01,
            "id": "tile-7-5",
            "snappedId": null,
            "width": 3,
            "x": 10.5,
            "y": 0.25,
            "z": 4.5,
          },
          {
            "depth": 3,
            "height": 0.01,
            "id": "tile-7-6",
            "snappedId": "black-pawn-7",
            "width": 3,
            "x": 10.5,
            "y": 0.25,
            "z": 7.5,
          },
          {
            "depth": 3,
            "height": 0.01,
            "id": "tile-7-7",
            "snappedId": "black-rook-2",
            "width": 3,
            "x": 10.5,
            "y": 0.25,
            "z": 10.5,
          },
        ],
      },
      "borderRadius": 0.8,
      "depth": 27,
      "faceUV": [
        [
          0.1,
          0.1,
          0,
          0,
        ],
        [
          0.1,
          0.1,
          0,
          0,
        ],
        [
          0.1,
          0.1,
          0,
          0,
        ],
        [
          0.1,
          0.1,
          0,
          0,
        ],
        [
          1,
          1,
          0,
          0,
        ],
        [
          0,
          0,
          0,
          0,
        ],
      ],
      "height": 0.5,
      "id": "board",
      "shape": "roundedTile",
      "texture": "board.ktx2",
      "width": 27,
      "y": 0.25,
    },
    {
      "file": "rook.obj",
      "id": "white-rook-1",
      "movable": {
        "kind": "piece",
      },
      "rotable": {
        "angle": 0,
      },
      "shape": "custom",
      "texture": "#efd3c0ff",
    },
    {
      "file": "knight.obj",
      "id": "white-knight-1",
      "movable": {
        "kind": "piece",
      },
      "rotable": {
        "angle": 0,
      },
      "shape": "custom",
      "texture": "#efd3c0ff",
    },
    {
      "file": "bishop.obj",
      "id": "white-bishop-1",
      "movable": {
        "kind": "piece",
      },
      "rotable": {
        "angle": 0,
      },
      "shape": "custom",
      "texture": "#efd3c0ff",
    },
    {
      "file": "queen.obj",
      "id": "white-queen",
      "movable": {
        "kind": "piece",
      },
      "rotable": {
        "angle": 0,
      },
      "shape": "custom",
      "texture": "#efd3c0ff",
    },
    {
      "file": "king.obj",
      "id": "white-king",
      "movable": {
        "kind": "piece",
      },
      "rotable": {
        "angle": 0,
      },
      "shape": "custom",
      "texture": "#efd3c0ff",
    },
    {
      "file": "bishop.obj",
      "id": "white-bishop-2",
      "movable": {
        "kind": "piece",
      },
      "rotable": {
        "angle": 0,
      },
      "shape": "custom",
      "texture": "#efd3c0ff",
    },
    {
      "file": "knight.obj",
      "id": "white-knight-2",
      "movable": {
        "kind": "piece",
      },
      "rotable": {
        "angle": 0,
      },
      "shape": "custom",
      "texture": "#efd3c0ff",
    },
    {
      "file": "rook.obj",
      "id": "white-rook-2",
      "movable": {
        "kind": "piece",
      },
      "rotable": {
        "angle": 0,
      },
      "shape": "custom",
      "texture": "#efd3c0ff",
    },
    {
      "file": "pawn.obj",
      "id": "white-pawn-0",
      "movable": {
        "kind": "piece",
      },
      "shape": "custom",
      "texture": "#efd3c0ff",
    },
    {
      "file": "pawn.obj",
      "id": "white-pawn-1",
      "movable": {
        "kind": "piece",
      },
      "shape": "custom",
      "texture": "#efd3c0ff",
    },
    {
      "file": "pawn.obj",
      "id": "white-pawn-2",
      "movable": {
        "kind": "piece",
      },
      "shape": "custom",
      "texture": "#efd3c0ff",
    },
    {
      "file": "pawn.obj",
      "id": "white-pawn-3",
      "movable": {
        "kind": "piece",
      },
      "shape": "custom",
      "texture": "#efd3c0ff",
    },
    {
      "file": "pawn.obj",
      "id": "white-pawn-4",
      "movable": {
        "kind": "piece",
      },
      "shape": "custom",
      "texture": "#efd3c0ff",
    },
    {
      "file": "pawn.obj",
      "id": "white-pawn-5",
      "movable": {
        "kind": "piece",
      },
      "shape": "custom",
      "texture": "#efd3c0ff",
    },
    {
      "file": "pawn.obj",
      "id": "white-pawn-6",
      "movable": {
        "kind": "piece",
      },
      "shape": "custom",
      "texture": "#efd3c0ff",
    },
    {
      "file": "pawn.obj",
      "id": "white-pawn-7",
      "movable": {
        "kind": "piece",
      },
      "shape": "custom",
      "texture": "#efd3c0ff",
    },
    {
      "file": "rook.obj",
      "id": "black-rook-1",
      "movable": {
        "kind": "piece",
      },
      "rotable": {
        "angle": 3.141592653589793,
      },
      "shape": "custom",
      "texture": "#603b23ff",
    },
    {
      "file": "knight.obj",
      "id": "black-knight-1",
      "movable": {
        "kind": "piece",
      },
      "rotable": {
        "angle": 3.141592653589793,
      },
      "shape": "custom",
      "texture": "#603b23ff",
    },
    {
      "file": "bishop.obj",
      "id": "black-bishop-1",
      "movable": {
        "kind": "piece",
      },
      "rotable": {
        "angle": 3.141592653589793,
      },
      "shape": "custom",
      "texture": "#603b23ff",
    },
    {
      "file": "queen.obj",
      "id": "black-queen",
      "movable": {
        "kind": "piece",
      },
      "rotable": {
        "angle": 3.141592653589793,
      },
      "shape": "custom",
      "texture": "#603b23ff",
    },
    {
      "file": "king.obj",
      "id": "black-king",
      "movable": {
        "kind": "piece",
      },
      "rotable": {
        "angle": 3.141592653589793,
      },
      "shape": "custom",
      "texture": "#603b23ff",
    },
    {
      "file": "bishop.obj",
      "id": "black-bishop-2",
      "movable": {
        "kind": "piece",
      },
      "rotable": {
        "angle": 3.141592653589793,
      },
      "shape": "custom",
      "texture": "#603b23ff",
    },
    {
      "file": "knight.obj",
      "id": "black-knight-2",
      "movable": {
        "kind": "piece",
      },
      "rotable": {
        "angle": 3.141592653589793,
      },
      "shape": "custom",
      "texture": "#603b23ff",
    },
    {
      "file": "rook.obj",
      "id": "black-rook-2",
      "movable": {
        "kind": "piece",
      },
      "rotable": {
        "angle": 3.141592653589793,
      },
      "shape": "custom",
      "texture": "#603b23ff",
    },
    {
      "file": "pawn.obj",
      "id": "black-pawn-0",
      "movable": {
        "kind": "piece",
      },
      "shape": "custom",
      "texture": "#603b23ff",
    },
    {
      "file": "pawn.obj",
      "id": "black-pawn-1",
      "movable": {
        "kind": "piece",
      },
      "shape": "custom",
      "texture": "#603b23ff",
    },
    {
      "file": "pawn.obj",
      "id": "black-pawn-2",
      "movable": {
        "kind": "piece",
      },
      "shape": "custom",
      "texture": "#603b23ff",
    },
    {
      "file": "pawn.obj",
      "id": "black-pawn-3",
      "movable": {
        "kind": "piece",
      },
      "shape": "custom",
      "texture": "#603b23ff",
    },
    {
      "file": "pawn.obj",
      "id": "black-pawn-4",
      "movable": {
        "kind": "piece",
      },
      "shape": "custom",
      "texture": "#603b23ff",
    },
    {
      "file": "pawn.obj",
      "id": "black-pawn-5",
      "movable": {
        "kind": "piece",
      },
      "shape": "custom",
      "texture": "#603b23ff",
    },
    {
      "file": "pawn.obj",
      "id": "black-pawn-6",
      "movable": {
        "kind": "piece",
      },
      "shape": "custom",
      "texture": "#603b23ff",
    },
    {
      "file": "pawn.obj",
      "id": "black-pawn-7",
      "movable": {
        "kind": "piece",
      },
      "shape": "custom",
      "texture": "#603b23ff",
    },
  ],
  "messages": [],
  "name": "chess",
  "ownerId": "",
  "playerIds": [
    "player-1",
  ],
  "preferences": [
    {
      "color": undefined,
      "playerId": "player-1",
      "side": "white",
    },
  ],
}
`;

exports[`chess game descriptor > askForParameters() + addPlayer() > enrolls each allowed players with a valid JSON schema 2`] = `
{
  "availableSeats": 0,
  "cameras": [
    {
      "alpha": 4.71238898038469,
      "beta": 0.39269908169872414,
      "elevation": 37,
      "hash": "0-0--2-4.71238898038469-0.39269908169872414-37",
      "index": 0,
      "playerId": "player-1",
      "target": [
        0,
        0,
        -2,
      ],
    },
    {
      "alpha": 1.5707963267948966,
      "beta": 0.39269908169872414,
      "elevation": 37,
      "hash": "0-0-2-1.5707963267948966-0.39269908169872414-37",
      "index": 0,
      "playerId": "player-2",
      "target": [
        0,
        0,
        2,
      ],
    },
  ],
  "created": 1691859511667,
  "guestIds": [],
  "hands": [],
  "id": "game-unique-id",
  "kind": "chess",
  "locales": {
    "en": {
      "title": "Chess",
    },
    "fr": {
      "title": "Echecs",
    },
  },
  "meshes": [
    {
      "anchorable": {
        "anchors": [
          {
            "depth": 3,
            "height": 0.01,
            "id": "tile-0-0",
            "snappedId": "white-rook-1",
            "width": 3,
            "x": -10.5,
            "y": 0.25,
            "z": -10.5,
          },
          {
            "depth": 3,
            "height": 0.01,
            "id": "tile-0-1",
            "snappedId": "white-pawn-0",
            "width": 3,
            "x": -10.5,
            "y": 0.25,
            "z": -7.5,
          },
          {
            "depth": 3,
            "height": 0.01,
            "id": "tile-0-2",
            "snappedId": null,
            "width": 3,
            "x": -10.5,
            "y": 0.25,
            "z": -4.5,
          },
          {
            "depth": 3,
            "height": 0.01,
            "id": "tile-0-3",
            "snappedId": null,
            "width": 3,
            "x": -10.5,
            "y": 0.25,
            "z": -1.5,
          },
          {
            "depth": 3,
            "height": 0.01,
            "id": "tile-0-4",
            "snappedId": null,
            "width": 3,
            "x": -10.5,
            "y": 0.25,
            "z": 1.5,
          },
          {
            "depth": 3,
            "height": 0.01,
            "id": "tile-0-5",
            "snappedId": null,
            "width": 3,
            "x": -10.5,
            "y": 0.25,
            "z": 4.5,
          },
          {
            "depth": 3,
            "height": 0.01,
            "id": "tile-0-6",
            "snappedId": "black-pawn-0",
            "width": 3,
            "x": -10.5,
            "y": 0.25,
            "z": 7.5,
          },
          {
            "depth": 3,
            "height": 0.01,
            "id": "tile-0-7",
            "snappedId": "black-rook-1",
            "width": 3,
            "x": -10.5,
            "y": 0.25,
            "z": 10.5,
          },
          {
            "depth": 3,
            "height": 0.01,
            "id": "tile-1-0",
            "snappedId": "white-knight-1",
            "width": 3,
            "x": -7.5,
            "y": 0.25,
            "z": -10.5,
          },
          {
            "depth": 3,
            "height": 0.01,
            "id": "tile-1-1",
            "snappedId": "white-pawn-1",
            "width": 3,
            "x": -7.5,
            "y": 0.25,
            "z": -7.5,
          },
          {
            "depth": 3,
            "height": 0.01,
            "id": "tile-1-2",
            "snappedId": null,
            "width": 3,
            "x": -7.5,
            "y": 0.25,
            "z": -4.5,
          },
          {
            "depth": 3,
            "height": 0.01,
            "id": "tile-1-3",
            "snappedId": null,
            "width": 3,
            "x": -7.5,
            "y": 0.25,
            "z": -1.5,
          },
          {
            "depth": 3,
            "height": 0.01,
            "id": "tile-1-4",
            "snappedId": null,
            "width": 3,
            "x": -7.5,
            "y": 0.25,
            "z": 1.5,
          },
          {
            "depth": 3,
            "height": 0.01,
            "id": "tile-1-5",
            "snappedId": null,
            "width": 3,
            "x": -7.5,
            "y": 0.25,
            "z": 4.5,
          },
          {
            "depth": 3,
            "height": 0.01,
            "id": "tile-1-6",
            "snappedId": "black-pawn-1",
            "width": 3,
            "x": -7.5,
            "y": 0.25,
            "z": 7.5,
          },
          {
            "depth": 3,
            "height": 0.01,
            "id": "tile-1-7",
            "snappedId": "black-knight-1",
            "width": 3,
            "x": -7.5,
            "y": 0.25,
            "z": 10.5,
          },
          {
            "depth": 3,
            "height": 0.01,
            "id": "tile-2-0",
            "snappedId": "white-bishop-1",
            "width": 3,
            "x": -4.5,
            "y": 0.25,
            "z": -10.5,
          },
          {
            "depth": 3,
            "height": 0.01,
            "id": "tile-2-1",
            "snappedId": "white-pawn-2",
            "width": 3,
            "x": -4.5,
            "y": 0.25,
            "z": -7.5,
          },
          {
            "depth": 3,
            "height": 0.01,
            "id": "tile-2-2",
            "snappedId": null,
            "width": 3,
            "x": -4.5,
            "y": 0.25,
            "z": -4.5,
          },
          {
            "depth": 3,
            "height": 0.01,
            "id": "tile-2-3",
            "snappedId": null,
            "width": 3,
            "x": -4.5,
            "y": 0.25,
            "z": -1.5,
          },
          {
            "depth": 3,
            "height": 0.01,
            "id": "tile-2-4",
            "snappedId": null,
            "width": 3,
            "x": -4.5,
            "y": 0.25,
            "z": 1.5,
          },
          {
            "depth": 3,
            "height": 0.01,
            "id": "tile-2-5",
            "snappedId": null,
            "width": 3,
            "x": -4.5,
            "y": 0.25,
            "z": 4.5,
          },
          {
            "depth": 3,
            "height": 0.01,
            "id": "tile-2-6",
            "snappedId": "black-pawn-2",
            "width": 3,
            "x": -4.5,
            "y": 0.25,
            "z": 7.5,
          },
          {
            "depth": 3,
            "height": 0.01,
            "id": "tile-2-7",
            "snappedId": "black-bishop-1",
            "width": 3,
            "x": -4.5,
            "y": 0.25,
            "z": 10.5,
          },
          {
            "depth": 3,
            "height": 0.01,
            "id": "tile-3-0",
            "snappedId": "white-queen",
            "width": 3,
            "x": -1.5,
            "y": 0.25,
            "z": -10.5,
          },
          {
            "depth": 3,
            "height": 0.01,
            "id": "tile-3-1",
            "snappedId": "white-pawn-3",
            "width": 3,
            "x": -1.5,
            "y": 0.25,
            "z": -7.5,
          },
          {
            "depth": 3,
            "height": 0.01,
            "id": "tile-3-2",
            "snappedId": null,
            "width": 3,
            "x": -1.5,
            "y": 0.25,
            "z": -4.5,
          },
          {
            "depth": 3,
            "height": 0.01,
            "id": "tile-3-3",
            "snappedId": null,
            "width": 3,
            "x": -1.5,
            "y": 0.25,
            "z": -1.5,
          },
          {
            "depth": 3,
            "height": 0.01,
            "id": "tile-3-4",
            "snappedId": null,
            "width": 3,
            "x": -1.5,
            "y": 0.25,
            "z": 1.5,
          },
          {
            "depth": 3,
            "height": 0.01,
            "id": "tile-3-5",
            "snappedId": null,
            "width": 3,
            "x": -1.5,
            "y": 0.25,
            "z": 4.5,
          },
          {
            "depth": 3,
            "height": 0.01,
            "id": "tile-3-6",
            "snappedId": "black-pawn-3",
            "width": 3,
            "x": -1.5,
            "y": 0.25,
            "z": 7.5,
          },
          {
            "depth": 3,
            "height": 0.01,
            "id": "tile-3-7",
            "snappedId": "black-queen",
            "width": 3,
            "x": -1.5,
            "y": 0.25,
            "z": 10.5,
          },
          {
            "depth": 3,
            "height": 0.01,
            "id": "tile-4-0",
            "snappedId": "white-king",
            "width": 3,
            "x": 1.5,
            "y": 0.25,
            "z": -10.5,
          },
          {
            "depth": 3,
            "height": 0.01,
            "id": "tile-4-1",
            "snappedId": "white-pawn-4",
            "width": 3,
            "x": 1.5,
            "y": 0.25,
            "z": -7.5,
          },
          {
            "depth": 3,
            "height": 0.01,
            "id": "tile-4-2",
            "snappedId": null,
            "width": 3,
            "x": 1.5,
            "y": 0.25,
            "z": -4.5,
          },
          {
            "depth": 3,
            "height": 0.01,
            "id": "tile-4-3",
            "snappedId": null,
            "width": 3,
            "x": 1.5,
            "y": 0.25,
            "z": -1.5,
          },
          {
            "depth": 3,
            "height": 0.01,
            "id": "tile-4-4",
            "snappedId": null,
            "width": 3,
            "x": 1.5,
            "y": 0.25,
            "z": 1.5,
          },
          {
            "depth": 3,
            "height": 0.01,
            "id": "tile-4-5",
            "snappedId": null,
            "width": 3,
            "x": 1.5,
            "y": 0.25,
            "z": 4.5,
          },
          {
            "depth": 3,
            "height": 0.01,
            "id": "tile-4-6",
            "snappedId": "black-pawn-4",
            "width": 3,
            "x": 1.5,
            "y": 0.25,
            "z": 7.5,
          },
          {
            "depth": 3,
            "height": 0.01,
            "id": "tile-4-7",
            "snappedId": "black-king",
            "width": 3,
            "x": 1.5,
            "y": 0.25,
            "z": 10.5,
          },
          {
            "depth": 3,
            "height": 0.01,
            "id": "tile-5-0",
            "snappedId": "white-bishop-2",
            "width": 3,
            "x": 4.5,
            "y": 0.25,
            "z": -10.5,
          },
          {
            "depth": 3,
            "height": 0.01,
            "id": "tile-5-1",
            "snappedId": "white-pawn-5",
            "width": 3,
            "x": 4.5,
            "y": 0.25,
            "z": -7.5,
          },
          {
            "depth": 3,
            "height": 0.01,
            "id": "tile-5-2",
            "snappedId": null,
            "width": 3,
            "x": 4.5,
            "y": 0.25,
            "z": -4.5,
          },
          {
            "depth": 3,
            "height": 0.01,
            "id": "tile-5-3",
            "snappedId": null,
            "width": 3,
            "x": 4.5,
            "y": 0.25,
            "z": -1.5,
          },
          {
            "depth": 3,
            "height": 0.01,
            "id": "tile-5-4",
            "snappedId": null,
            "width": 3,
            "x": 4.5,
            "y": 0.25,
            "z": 1.5,
          },
          {
            "depth": 3,
            "height": 0.01,
            "id": "tile-5-5",
            "snappedId": null,
            "width": 3,
            "x": 4.5,
            "y": 0.25,
            "z": 4.5,
          },
          {
            "depth": 3,
            "height": 0.01,
            "id": "tile-5-6",
            "snappedId": "black-pawn-5",
            "width": 3,
            "x": 4.5,
            "y": 0.25,
            "z": 7.5,
          },
          {
            "depth": 3,
            "height": 0.01,
            "id": "tile-5-7",
            "snappedId": "black-bishop-2",
            "width": 3,
            "x": 4.5,
            "y": 0.25,
            "z": 10.5,
          },
          {
            "depth": 3,
            "height": 0.01,
            "id": "tile-6-0",
            "snappedId": "white-knight-2",
            "width": 3,
            "x": 7.5,
            "y": 0.25,
            "z": -10.5,
          },
          {
            "depth": 3,
            "height": 0.01,
            "id": "tile-6-1",
            "snappedId": "white-pawn-6",
            "width": 3,
            "x": 7.5,
            "y": 0.25,
            "z": -7.5,
          },
          {
            "depth": 3,
            "height": 0.01,
            "id": "tile-6-2",
            "snappedId": null,
            "width": 3,
            "x": 7.5,
            "y": 0.25,
            "z": -4.5,
          },
          {
            "depth": 3,
            "height": 0.01,
            "id": "tile-6-3",
            "snappedId": null,
            "width": 3,
            "x": 7.5,
            "y": 0.25,
            "z": -1.5,
          },
          {
            "depth": 3,
            "height": 0.01,
            "id": "tile-6-4",
            "snappedId": null,
            "width": 3,
            "x": 7.5,
            "y": 0.25,
            "z": 1.5,
          },
          {
            "depth": 3,
            "height": 0.01,
            "id": "tile-6-5",
            "snappedId": null,
            "width": 3,
            "x": 7.5,
            "y": 0.25,
            "z": 4.5,
          },
          {
            "depth": 3,
            "height": 0.01,
            "id": "tile-6-6",
            "snappedId": "black-pawn-6",
            "width": 3,
            "x": 7.5,
            "y": 0.25,
            "z": 7.5,
          },
          {
            "depth": 3,
            "height": 0.01,
            "id": "tile-6-7",
            "snappedId": "black-knight-2",
            "width": 3,
            "x": 7.5,
            "y": 0.25,
            "z": 10.5,
          },
          {
            "depth": 3,
            "height": 0.01,
            "id": "tile-7-0",
            "snappedId": "white-rook-2",
            "width": 3,
            "x": 10.5,
            "y": 0.25,
            "z": -10.5,
          },
          {
            "depth": 3,
            "height": 0.01,
            "id": "tile-7-1",
            "snappedId": "white-pawn-7",
            "width": 3,
            "x": 10.5,
            "y": 0.25,
            "z": -7.5,
          },
          {
            "depth": 3,
            "height": 0.01,
            "id": "tile-7-2",
            "snappedId": null,
            "width": 3,
            "x": 10.5,
            "y": 0.25,
            "z": -4.5,
          },
          {
            "depth": 3,
            "height": 0.01,
            "id": "tile-7-3",
            "snappedId": null,
            "width": 3,
            "x": 10.5,
            "y": 0.25,
            "z": -1.5,
          },
          {
            "depth": 3,
            "height": 0.01,
            "id": "tile-7-4",
            "snappedId": null,
            "width": 3,
            "x": 10.5,
            "y": 0.25,
            "z": 1.5,
          },
          {
            "depth": 3,
            "height": 0.01,
            "id": "tile-7-5",
            "snappedId": null,
            "width": 3,
            "x": 10.5,
            "y": 0.25,
            "z": 4.5,
          },
          {
            "depth": 3,
            "height": 0.01,
            "id": "tile-7-6",
            "snappedId": "black-pawn-7",
            "width": 3,
            "x": 10.5,
            "y": 0.25,
            "z": 7.5,
          },
          {
            "depth": 3,
            "height": 0.01,
            "id": "tile-7-7",
            "snappedId": "black-rook-2",
            "width": 3,
            "x": 10.5,
            "y": 0.25,
            "z": 10.5,
          },
        ],
      },
      "borderRadius": 0.8,
      "depth": 27,
      "faceUV": [
        [
          0.1,
          0.1,
          0,
          0,
        ],
        [
          0.1,
          0.1,
          0,
          0,
        ],
        [
          0.1,
          0.1,
          0,
          0,
        ],
        [
          0.1,
          0.1,
          0,
          0,
        ],
        [
          1,
          1,
          0,
          0,
        ],
        [
          0,
          0,
          0,
          0,
        ],
      ],
      "height": 0.5,
      "id": "board",
      "shape": "roundedTile",
      "texture": "board.ktx2",
      "width": 27,
      "y": 0.25,
    },
    {
      "file": "rook.obj",
      "id": "white-rook-1",
      "movable": {
        "kind": "piece",
      },
      "rotable": {
        "angle": 0,
      },
      "shape": "custom",
      "texture": "#efd3c0ff",
    },
    {
      "file": "knight.obj",
      "id": "white-knight-1",
      "movable": {
        "kind": "piece",
      },
      "rotable": {
        "angle": 0,
      },
      "shape": "custom",
      "texture": "#efd3c0ff",
    },
    {
      "file": "bishop.obj",
      "id": "white-bishop-1",
      "movable": {
        "kind": "piece",
      },
      "rotable": {
        "angle": 0,
      },
      "shape": "custom",
      "texture": "#efd3c0ff",
    },
    {
      "file": "queen.obj",
      "id": "white-queen",
      "movable": {
        "kind": "piece",
      },
      "rotable": {
        "angle": 0,
      },
      "shape": "custom",
      "texture": "#efd3c0ff",
    },
    {
      "file": "king.obj",
      "id": "white-king",
      "movable": {
        "kind": "piece",
      },
      "rotable": {
        "angle": 0,
      },
      "shape": "custom",
      "texture": "#efd3c0ff",
    },
    {
      "file": "bishop.obj",
      "id": "white-bishop-2",
      "movable": {
        "kind": "piece",
      },
      "rotable": {
        "angle": 0,
      },
      "shape": "custom",
      "texture": "#efd3c0ff",
    },
    {
      "file": "knight.obj",
      "id": "white-knight-2",
      "movable": {
        "kind": "piece",
      },
      "rotable": {
        "angle": 0,
      },
      "shape": "custom",
      "texture": "#efd3c0ff",
    },
    {
      "file": "rook.obj",
      "id": "white-rook-2",
      "movable": {
        "kind": "piece",
      },
      "rotable": {
        "angle": 0,
      },
      "shape": "custom",
      "texture": "#efd3c0ff",
    },
    {
      "file": "pawn.obj",
      "id": "white-pawn-0",
      "movable": {
        "kind": "piece",
      },
      "shape": "custom",
      "texture": "#efd3c0ff",
    },
    {
      "file": "pawn.obj",
      "id": "white-pawn-1",
      "movable": {
        "kind": "piece",
      },
      "shape": "custom",
      "texture": "#efd3c0ff",
    },
    {
      "file": "pawn.obj",
      "id": "white-pawn-2",
      "movable": {
        "kind": "piece",
      },
      "shape": "custom",
      "texture": "#efd3c0ff",
    },
    {
      "file": "pawn.obj",
      "id": "white-pawn-3",
      "movable": {
        "kind": "piece",
      },
      "shape": "custom",
      "texture": "#efd3c0ff",
    },
    {
      "file": "pawn.obj",
      "id": "white-pawn-4",
      "movable": {
        "kind": "piece",
      },
      "shape": "custom",
      "texture": "#efd3c0ff",
    },
    {
      "file": "pawn.obj",
      "id": "white-pawn-5",
      "movable": {
        "kind": "piece",
      },
      "shape": "custom",
      "texture": "#efd3c0ff",
    },
    {
      "file": "pawn.obj",
      "id": "white-pawn-6",
      "movable": {
        "kind": "piece",
      },
      "shape": "custom",
      "texture": "#efd3c0ff",
    },
    {
      "file": "pawn.obj",
      "id": "white-pawn-7",
      "movable": {
        "kind": "piece",
      },
      "shape": "custom",
      "texture": "#efd3c0ff",
    },
    {
      "file": "rook.obj",
      "id": "black-rook-1",
      "movable": {
        "kind": "piece",
      },
      "rotable": {
        "angle": 3.141592653589793,
      },
      "shape": "custom",
      "texture": "#603b23ff",
    },
    {
      "file": "knight.obj",
      "id": "black-knight-1",
      "movable": {
        "kind": "piece",
      },
      "rotable": {
        "angle": 3.141592653589793,
      },
      "shape": "custom",
      "texture": "#603b23ff",
    },
    {
      "file": "bishop.obj",
      "id": "black-bishop-1",
      "movable": {
        "kind": "piece",
      },
      "rotable": {
        "angle": 3.141592653589793,
      },
      "shape": "custom",
      "texture": "#603b23ff",
    },
    {
      "file": "queen.obj",
      "id": "black-queen",
      "movable": {
        "kind": "piece",
      },
      "rotable": {
        "angle": 3.141592653589793,
      },
      "shape": "custom",
      "texture": "#603b23ff",
    },
    {
      "file": "king.obj",
      "id": "black-king",
      "movable": {
        "kind": "piece",
      },
      "rotable": {
        "angle": 3.141592653589793,
      },
      "shape": "custom",
      "texture": "#603b23ff",
    },
    {
      "file": "bishop.obj",
      "id": "black-bishop-2",
      "movable": {
        "kind": "piece",
      },
      "rotable": {
        "angle": 3.141592653589793,
      },
      "shape": "custom",
      "texture": "#603b23ff",
    },
    {
      "file": "knight.obj",
      "id": "black-knight-2",
      "movable": {
        "kind": "piece",
      },
      "rotable": {
        "angle": 3.141592653589793,
      },
      "shape": "custom",
      "texture": "#603b23ff",
    },
    {
      "file": "rook.obj",
      "id": "black-rook-2",
      "movable": {
        "kind": "piece",
      },
      "rotable": {
        "angle": 3.141592653589793,
      },
      "shape": "custom",
      "texture": "#603b23ff",
    },
    {
      "file": "pawn.obj",
      "id": "black-pawn-0",
      "movable": {
        "kind": "piece",
      },
      "shape": "custom",
      "texture": "#603b23ff",
    },
    {
      "file": "pawn.obj",
      "id": "black-pawn-1",
      "movable": {
        "kind": "piece",
      },
      "shape": "custom",
      "texture": "#603b23ff",
    },
    {
      "file": "pawn.obj",
      "id": "black-pawn-2",
      "movable": {
        "kind": "piece",
      },
      "shape": "custom",
      "texture": "#603b23ff",
    },
    {
      "file": "pawn.obj",
      "id": "black-pawn-3",
      "movable": {
        "kind": "piece",
      },
      "shape": "custom",
      "texture": "#603b23ff",
    },
    {
      "file": "pawn.obj",
      "id": "black-pawn-4",
      "movable": {
        "kind": "piece",
      },
      "shape": "custom",
      "texture": "#603b23ff",
    },
    {
      "file": "pawn.obj",
      "id": "black-pawn-5",
      "movable": {
        "kind": "piece",
      },
      "shape": "custom",
      "texture": "#603b23ff",
    },
    {
      "file": "pawn.obj",
      "id": "black-pawn-6",
      "movable": {
        "kind": "piece",
      },
      "shape": "custom",
      "texture": "#603b23ff",
    },
    {
      "file": "pawn.obj",
      "id": "black-pawn-7",
      "movable": {
        "kind": "piece",
      },
      "shape": "custom",
      "texture": "#603b23ff",
    },
  ],
  "messages": [],
  "name": "chess",
  "ownerId": "",
  "playerIds": [
    "player-1",
    "player-2",
  ],
  "preferences": [
    {
      "color": undefined,
      "playerId": "player-1",
      "side": "white",
    },
    {
      "color": undefined,
      "playerId": "player-2",
      "side": "black",
    },
  ],
}
`;

exports[`chess game descriptor > build() > builds game setup 1`] = `
{
  "meshes": [
    {
      "anchorable": {
        "anchors": [
          {
            "depth": 3,
            "height": 0.01,
            "id": "tile-0-0",
            "snappedId": "white-rook-1",
            "width": 3,
            "x": -10.5,
            "y": 0.25,
            "z": -10.5,
          },
          {
            "depth": 3,
            "height": 0.01,
            "id": "tile-0-1",
            "snappedId": "white-pawn-0",
            "width": 3,
            "x": -10.5,
            "y": 0.25,
            "z": -7.5,
          },
          {
            "depth": 3,
            "height": 0.01,
            "id": "tile-0-2",
            "snappedId": null,
            "width": 3,
            "x": -10.5,
            "y": 0.25,
            "z": -4.5,
          },
          {
            "depth": 3,
            "height": 0.01,
            "id": "tile-0-3",
            "snappedId": null,
            "width": 3,
            "x": -10.5,
            "y": 0.25,
            "z": -1.5,
          },
          {
            "depth": 3,
            "height": 0.01,
            "id": "tile-0-4",
            "snappedId": null,
            "width": 3,
            "x": -10.5,
            "y": 0.25,
            "z": 1.5,
          },
          {
            "depth": 3,
            "height": 0.01,
            "id": "tile-0-5",
            "snappedId": null,
            "width": 3,
            "x": -10.5,
            "y": 0.25,
            "z": 4.5,
          },
          {
            "depth": 3,
            "height": 0.01,
            "id": "tile-0-6",
            "snappedId": "black-pawn-0",
            "width": 3,
            "x": -10.5,
            "y": 0.25,
            "z": 7.5,
          },
          {
            "depth": 3,
            "height": 0.01,
            "id": "tile-0-7",
            "snappedId": "black-rook-1",
            "width": 3,
            "x": -10.5,
            "y": 0.25,
            "z": 10.5,
          },
          {
            "depth": 3,
            "height": 0.01,
            "id": "tile-1-0",
            "snappedId": "white-knight-1",
            "width": 3,
            "x": -7.5,
            "y": 0.25,
            "z": -10.5,
          },
          {
            "depth": 3,
            "height": 0.01,
            "id": "tile-1-1",
            "snappedId": "white-pawn-1",
            "width": 3,
            "x": -7.5,
            "y": 0.25,
            "z": -7.5,
          },
          {
            "depth": 3,
            "height": 0.01,
            "id": "tile-1-2",
            "snappedId": null,
            "width": 3,
            "x": -7.5,
            "y": 0.25,
            "z": -4.5,
          },
          {
            "depth": 3,
            "height": 0.01,
            "id": "tile-1-3",
            "snappedId": null,
            "width": 3,
            "x": -7.5,
            "y": 0.25,
            "z": -1.5,
          },
          {
            "depth": 3,
            "height": 0.01,
            "id": "tile-1-4",
            "snappedId": null,
            "width": 3,
            "x": -7.5,
            "y": 0.25,
            "z": 1.5,
          },
          {
            "depth": 3,
            "height": 0.01,
            "id": "tile-1-5",
            "snappedId": null,
            "width": 3,
            "x": -7.5,
            "y": 0.25,
            "z": 4.5,
          },
          {
            "depth": 3,
            "height": 0.01,
            "id": "tile-1-6",
            "snappedId": "black-pawn-1",
            "width": 3,
            "x": -7.5,
            "y": 0.25,
            "z": 7.5,
          },
          {
            "depth": 3,
            "height": 0.01,
            "id": "tile-1-7",
            "snappedId": "black-knight-1",
            "width": 3,
            "x": -7.5,
            "y": 0.25,
            "z": 10.5,
          },
          {
            "depth": 3,
            "height": 0.01,
            "id": "tile-2-0",
            "snappedId": "white-bishop-1",
            "width": 3,
            "x": -4.5,
            "y": 0.25,
            "z": -10.5,
          },
          {
            "depth": 3,
            "height": 0.01,
            "id": "tile-2-1",
            "snappedId": "white-pawn-2",
            "width": 3,
            "x": -4.5,
            "y": 0.25,
            "z": -7.5,
          },
          {
            "depth": 3,
            "height": 0.01,
            "id": "tile-2-2",
            "snappedId": null,
            "width": 3,
            "x": -4.5,
            "y": 0.25,
            "z": -4.5,
          },
          {
            "depth": 3,
            "height": 0.01,
            "id": "tile-2-3",
            "snappedId": null,
            "width": 3,
            "x": -4.5,
            "y": 0.25,
            "z": -1.5,
          },
          {
            "depth": 3,
            "height": 0.01,
            "id": "tile-2-4",
            "snappedId": null,
            "width": 3,
            "x": -4.5,
            "y": 0.25,
            "z": 1.5,
          },
          {
            "depth": 3,
            "height": 0.01,
            "id": "tile-2-5",
            "snappedId": null,
            "width": 3,
            "x": -4.5,
            "y": 0.25,
            "z": 4.5,
          },
          {
            "depth": 3,
            "height": 0.01,
            "id": "tile-2-6",
            "snappedId": "black-pawn-2",
            "width": 3,
            "x": -4.5,
            "y": 0.25,
            "z": 7.5,
          },
          {
            "depth": 3,
            "height": 0.01,
            "id": "tile-2-7",
            "snappedId": "black-bishop-1",
            "width": 3,
            "x": -4.5,
            "y": 0.25,
            "z": 10.5,
          },
          {
            "depth": 3,
            "height": 0.01,
            "id": "tile-3-0",
            "snappedId": "white-queen",
            "width": 3,
            "x": -1.5,
            "y": 0.25,
            "z": -10.5,
          },
          {
            "depth": 3,
            "height": 0.01,
            "id": "tile-3-1",
            "snappedId": "white-pawn-3",
            "width": 3,
            "x": -1.5,
            "y": 0.25,
            "z": -7.5,
          },
          {
            "depth": 3,
            "height": 0.01,
            "id": "tile-3-2",
            "snappedId": null,
            "width": 3,
            "x": -1.5,
            "y": 0.25,
            "z": -4.5,
          },
          {
            "depth": 3,
            "height": 0.01,
            "id": "tile-3-3",
            "snappedId": null,
            "width": 3,
            "x": -1.5,
            "y": 0.25,
            "z": -1.5,
          },
          {
            "depth": 3,
            "height": 0.01,
            "id": "tile-3-4",
            "snappedId": null,
            "width": 3,
            "x": -1.5,
            "y": 0.25,
            "z": 1.5,
          },
          {
            "depth": 3,
            "height": 0.01,
            "id": "tile-3-5",
            "snappedId": null,
            "width": 3,
            "x": -1.5,
            "y": 0.25,
            "z": 4.5,
          },
          {
            "depth": 3,
            "height": 0.01,
            "id": "tile-3-6",
            "snappedId": "black-pawn-3",
            "width": 3,
            "x": -1.5,
            "y": 0.25,
            "z": 7.5,
          },
          {
            "depth": 3,
            "height": 0.01,
            "id": "tile-3-7",
            "snappedId": "black-queen",
            "width": 3,
            "x": -1.5,
            "y": 0.25,
            "z": 10.5,
          },
          {
            "depth": 3,
            "height": 0.01,
            "id": "tile-4-0",
            "snappedId": "white-king",
            "width": 3,
            "x": 1.5,
            "y": 0.25,
            "z": -10.5,
          },
          {
            "depth": 3,
            "height": 0.01,
            "id": "tile-4-1",
            "snappedId": "white-pawn-4",
            "width": 3,
            "x": 1.5,
            "y": 0.25,
            "z": -7.5,
          },
          {
            "depth": 3,
            "height": 0.01,
            "id": "tile-4-2",
            "snappedId": null,
            "width": 3,
            "x": 1.5,
            "y": 0.25,
            "z": -4.5,
          },
          {
            "depth": 3,
            "height": 0.01,
            "id": "tile-4-3",
            "snappedId": null,
            "width": 3,
            "x": 1.5,
            "y": 0.25,
            "z": -1.5,
          },
          {
            "depth": 3,
            "height": 0.01,
            "id": "tile-4-4",
            "snappedId": null,
            "width": 3,
            "x": 1.5,
            "y": 0.25,
            "z": 1.5,
          },
          {
            "depth": 3,
            "height": 0.01,
            "id": "tile-4-5",
            "snappedId": null,
            "width": 3,
            "x": 1.5,
            "y": 0.25,
            "z": 4.5,
          },
          {
            "depth": 3,
            "height": 0.01,
            "id": "tile-4-6",
            "snappedId": "black-pawn-4",
            "width": 3,
            "x": 1.5,
            "y": 0.25,
            "z": 7.5,
          },
          {
            "depth": 3,
            "height": 0.01,
            "id": "tile-4-7",
            "snappedId": "black-king",
            "width": 3,
            "x": 1.5,
            "y": 0.25,
            "z": 10.5,
          },
          {
            "depth": 3,
            "height": 0.01,
            "id": "tile-5-0",
            "snappedId": "white-bishop-2",
            "width": 3,
            "x": 4.5,
            "y": 0.25,
            "z": -10.5,
          },
          {
            "depth": 3,
            "height": 0.01,
            "id": "tile-5-1",
            "snappedId": "white-pawn-5",
            "width": 3,
            "x": 4.5,
            "y": 0.25,
            "z": -7.5,
          },
          {
            "depth": 3,
            "height": 0.01,
            "id": "tile-5-2",
            "snappedId": null,
            "width": 3,
            "x": 4.5,
            "y": 0.25,
            "z": -4.5,
          },
          {
            "depth": 3,
            "height": 0.01,
            "id": "tile-5-3",
            "snappedId": null,
            "width": 3,
            "x": 4.5,
            "y": 0.25,
            "z": -1.5,
          },
          {
            "depth": 3,
            "height": 0.01,
            "id": "tile-5-4",
            "snappedId": null,
            "width": 3,
            "x": 4.5,
            "y": 0.25,
            "z": 1.5,
          },
          {
            "depth": 3,
            "height": 0.01,
            "id": "tile-5-5",
            "snappedId": null,
            "width": 3,
            "x": 4.5,
            "y": 0.25,
            "z": 4.5,
          },
          {
            "depth": 3,
            "height": 0.01,
            "id": "tile-5-6",
            "snappedId": "black-pawn-5",
            "width": 3,
            "x": 4.5,
            "y": 0.25,
            "z": 7.5,
          },
          {
            "depth": 3,
            "height": 0.01,
            "id": "tile-5-7",
            "snappedId": "black-bishop-2",
            "width": 3,
            "x": 4.5,
            "y": 0.25,
            "z": 10.5,
          },
          {
            "depth": 3,
            "height": 0.01,
            "id": "tile-6-0",
            "snappedId": "white-knight-2",
            "width": 3,
            "x": 7.5,
            "y": 0.25,
            "z": -10.5,
          },
          {
            "depth": 3,
            "height": 0.01,
            "id": "tile-6-1",
            "snappedId": "white-pawn-6",
            "width": 3,
            "x": 7.5,
            "y": 0.25,
            "z": -7.5,
          },
          {
            "depth": 3,
            "height": 0.01,
            "id": "tile-6-2",
            "snappedId": null,
            "width": 3,
            "x": 7.5,
            "y": 0.25,
            "z": -4.5,
          },
          {
            "depth": 3,
            "height": 0.01,
            "id": "tile-6-3",
            "snappedId": null,
            "width": 3,
            "x": 7.5,
            "y": 0.25,
            "z": -1.5,
          },
          {
            "depth": 3,
            "height": 0.01,
            "id": "tile-6-4",
            "snappedId": null,
            "width": 3,
            "x": 7.5,
            "y": 0.25,
            "z": 1.5,
          },
          {
            "depth": 3,
            "height": 0.01,
            "id": "tile-6-5",
            "snappedId": null,
            "width": 3,
            "x": 7.5,
            "y": 0.25,
            "z": 4.5,
          },
          {
            "depth": 3,
            "height": 0.01,
            "id": "tile-6-6",
            "snappedId": "black-pawn-6",
            "width": 3,
            "x": 7.5,
            "y": 0.25,
            "z": 7.5,
          },
          {
            "depth": 3,
            "height": 0.01,
            "id": "tile-6-7",
            "snappedId": "black-knight-2",
            "width": 3,
            "x": 7.5,
            "y": 0.25,
            "z": 10.5,
          },
          {
            "depth": 3,
            "height": 0.01,
            "id": "tile-7-0",
            "snappedId": "white-rook-2",
            "width": 3,
            "x": 10.5,
            "y": 0.25,
            "z": -10.5,
          },
          {
            "depth": 3,
            "height": 0.01,
            "id": "tile-7-1",
            "snappedId": "white-pawn-7",
            "width": 3,
            "x": 10.5,
            "y": 0.25,
            "z": -7.5,
          },
          {
            "depth": 3,
            "height": 0.01,
            "id": "tile-7-2",
            "snappedId": null,
            "width": 3,
            "x": 10.5,
            "y": 0.25,
            "z": -4.5,
          },
          {
            "depth": 3,
            "height": 0.01,
            "id": "tile-7-3",
            "snappedId": null,
            "width": 3,
            "x": 10.5,
            "y": 0.25,
            "z": -1.5,
          },
          {
            "depth": 3,
            "height": 0.01,
            "id": "tile-7-4",
            "snappedId": null,
            "width": 3,
            "x": 10.5,
            "y": 0.25,
            "z": 1.5,
          },
          {
            "depth": 3,
            "height": 0.01,
            "id": "tile-7-5",
            "snappedId": null,
            "width": 3,
            "x": 10.5,
            "y": 0.25,
            "z": 4.5,
          },
          {
            "depth": 3,
            "height": 0.01,
            "id": "tile-7-6",
            "snappedId": "black-pawn-7",
            "width": 3,
            "x": 10.5,
            "y": 0.25,
            "z": 7.5,
          },
          {
            "depth": 3,
            "height": 0.01,
            "id": "tile-7-7",
            "snappedId": "black-rook-2",
            "width": 3,
            "x": 10.5,
            "y": 0.25,
            "z": 10.5,
          },
        ],
      },
      "borderRadius": 0.8,
      "depth": 27,
      "faceUV": [
        [
          0.1,
          0.1,
          0,
          0,
        ],
        [
          0.1,
          0.1,
          0,
          0,
        ],
        [
          0.1,
          0.1,
          0,
          0,
        ],
        [
          0.1,
          0.1,
          0,
          0,
        ],
        [
          1,
          1,
          0,
          0,
        ],
        [
          0,
          0,
          0,
          0,
        ],
      ],
      "height": 0.5,
      "id": "board",
      "shape": "roundedTile",
      "texture": "board.ktx2",
      "width": 27,
      "y": 0.25,
    },
    {
      "file": "rook.obj",
      "id": "white-rook-1",
      "movable": {
        "kind": "piece",
      },
      "rotable": {
        "angle": 0,
      },
      "shape": "custom",
      "texture": "#efd3c0ff",
    },
    {
      "file": "knight.obj",
      "id": "white-knight-1",
      "movable": {
        "kind": "piece",
      },
      "rotable": {
        "angle": 0,
      },
      "shape": "custom",
      "texture": "#efd3c0ff",
    },
    {
      "file": "bishop.obj",
      "id": "white-bishop-1",
      "movable": {
        "kind": "piece",
      },
      "rotable": {
        "angle": 0,
      },
      "shape": "custom",
      "texture": "#efd3c0ff",
    },
    {
      "file": "queen.obj",
      "id": "white-queen",
      "movable": {
        "kind": "piece",
      },
      "rotable": {
        "angle": 0,
      },
      "shape": "custom",
      "texture": "#efd3c0ff",
    },
    {
      "file": "king.obj",
      "id": "white-king",
      "movable": {
        "kind": "piece",
      },
      "rotable": {
        "angle": 0,
      },
      "shape": "custom",
      "texture": "#efd3c0ff",
    },
    {
      "file": "bishop.obj",
      "id": "white-bishop-2",
      "movable": {
        "kind": "piece",
      },
      "rotable": {
        "angle": 0,
      },
      "shape": "custom",
      "texture": "#efd3c0ff",
    },
    {
      "file": "knight.obj",
      "id": "white-knight-2",
      "movable": {
        "kind": "piece",
      },
      "rotable": {
        "angle": 0,
      },
      "shape": "custom",
      "texture": "#efd3c0ff",
    },
    {
      "file": "rook.obj",
      "id": "white-rook-2",
      "movable": {
        "kind": "piece",
      },
      "rotable": {
        "angle": 0,
      },
      "shape": "custom",
      "texture": "#efd3c0ff",
    },
    {
      "file": "pawn.obj",
      "id": "white-pawn-0",
      "movable": {
        "kind": "piece",
      },
      "shape": "custom",
      "texture": "#efd3c0ff",
    },
    {
      "file": "pawn.obj",
      "id": "white-pawn-1",
      "movable": {
        "kind": "piece",
      },
      "shape": "custom",
      "texture": "#efd3c0ff",
    },
    {
      "file": "pawn.obj",
      "id": "white-pawn-2",
      "movable": {
        "kind": "piece",
      },
      "shape": "custom",
      "texture": "#efd3c0ff",
    },
    {
      "file": "pawn.obj",
      "id": "white-pawn-3",
      "movable": {
        "kind": "piece",
      },
      "shape": "custom",
      "texture": "#efd3c0ff",
    },
    {
      "file": "pawn.obj",
      "id": "white-pawn-4",
      "movable": {
        "kind": "piece",
      },
      "shape": "custom",
      "texture": "#efd3c0ff",
    },
    {
      "file": "pawn.obj",
      "id": "white-pawn-5",
      "movable": {
        "kind": "piece",
      },
      "shape": "custom",
      "texture": "#efd3c0ff",
    },
    {
      "file": "pawn.obj",
      "id": "white-pawn-6",
      "movable": {
        "kind": "piece",
      },
      "shape": "custom",
      "texture": "#efd3c0ff",
    },
    {
      "file": "pawn.obj",
      "id": "white-pawn-7",
      "movable": {
        "kind": "piece",
      },
      "shape": "custom",
      "texture": "#efd3c0ff",
    },
    {
      "file": "rook.obj",
      "id": "black-rook-1",
      "movable": {
        "kind": "piece",
      },
      "rotable": {
        "angle": 3.141592653589793,
      },
      "shape": "custom",
      "texture": "#603b23ff",
    },
    {
      "file": "knight.obj",
      "id": "black-knight-1",
      "movable": {
        "kind": "piece",
      },
      "rotable": {
        "angle": 3.141592653589793,
      },
      "shape": "custom",
      "texture": "#603b23ff",
    },
    {
      "file": "bishop.obj",
      "id": "black-bishop-1",
      "movable": {
        "kind": "piece",
      },
      "rotable": {
        "angle": 3.141592653589793,
      },
      "shape": "custom",
      "texture": "#603b23ff",
    },
    {
      "file": "queen.obj",
      "id": "black-queen",
      "movable": {
        "kind": "piece",
      },
      "rotable": {
        "angle": 3.141592653589793,
      },
      "shape": "custom",
      "texture": "#603b23ff",
    },
    {
      "file": "king.obj",
      "id": "black-king",
      "movable": {
        "kind": "piece",
      },
      "rotable": {
        "angle": 3.141592653589793,
      },
      "shape": "custom",
      "texture": "#603b23ff",
    },
    {
      "file": "bishop.obj",
      "id": "black-bishop-2",
      "movable": {
        "kind": "piece",
      },
      "rotable": {
        "angle": 3.141592653589793,
      },
      "shape": "custom",
      "texture": "#603b23ff",
    },
    {
      "file": "knight.obj",
      "id": "black-knight-2",
      "movable": {
        "kind": "piece",
      },
      "rotable": {
        "angle": 3.141592653589793,
      },
      "shape": "custom",
      "texture": "#603b23ff",
    },
    {
      "file": "rook.obj",
      "id": "black-rook-2",
      "movable": {
        "kind": "piece",
      },
      "rotable": {
        "angle": 3.141592653589793,
      },
      "shape": "custom",
      "texture": "#603b23ff",
    },
    {
      "file": "pawn.obj",
      "id": "black-pawn-0",
      "movable": {
        "kind": "piece",
      },
      "shape": "custom",
      "texture": "#603b23ff",
    },
    {
      "file": "pawn.obj",
      "id": "black-pawn-1",
      "movable": {
        "kind": "piece",
      },
      "shape": "custom",
      "texture": "#603b23ff",
    },
    {
      "file": "pawn.obj",
      "id": "black-pawn-2",
      "movable": {
        "kind": "piece",
      },
      "shape": "custom",
      "texture": "#603b23ff",
    },
    {
      "file": "pawn.obj",
      "id": "black-pawn-3",
      "movable": {
        "kind": "piece",
      },
      "shape": "custom",
      "texture": "#603b23ff",
    },
    {
      "file": "pawn.obj",
      "id": "black-pawn-4",
      "movable": {
        "kind": "piece",
      },
      "shape": "custom",
      "texture": "#603b23ff",
    },
    {
      "file": "pawn.obj",
      "id": "black-pawn-5",
      "movable": {
        "kind": "piece",
      },
      "shape": "custom",
      "texture": "#603b23ff",
    },
    {
      "file": "pawn.obj",
      "id": "black-pawn-6",
      "movable": {
        "kind": "piece",
      },
      "shape": "custom",
      "texture": "#603b23ff",
    },
    {
      "file": "pawn.obj",
      "id": "black-pawn-7",
      "movable": {
        "kind": "piece",
      },
      "shape": "custom",
      "texture": "#603b23ff",
    },
  ],
}
`;
